// Jest Snapshot v1, https://goo.gl/fbAQLP

exports[` should snapshot 1`] = `
<ul
  className="list-group list-group-flush"
>
  <Todo
    handlerDelete={[Function]}
    handlerToggle={[Function]}
    index={0}
    key="1"
    todo={
      Object {
        "describe": "Learn react",
        "done": false,
        "id": 1,
      }
    }
  />
  <Todo
    handlerDelete={[Function]}
    handlerToggle={[Function]}
    index={1}
    key="2"
    todo={
      Object {
        "describe": "Learn python",
        "done": false,
        "id": 2,
      }
    }
  />
</ul>
`;

exports[` should snapshot 2`] = `
<ul
  className="list-group list-group-flush"
>
  <Todo
    handlerDelete={[Function]}
    handlerToggle={[Function]}
    index={0}
    key="1"
    todo={
      Object {
        "describe": "Learn react",
        "done": false,
        "id": 1,
      }
    }
  />
  <Todo
    handlerDelete={[Function]}
    handlerToggle={[Function]}
    index={1}
    key="2"
    todo={
      Object {
        "describe": "Learn python",
        "done": false,
        "id": 2,
      }
    }
  />
</ul>
`;
