// Jest Snapshot v1, https://goo.gl/fbAQLP

exports[`test home screen should snapshot 1`] = `
<div
  className="container"
>
  <h1>
    Home
  </h1>
  <hr />
  <pre>
    {
   "name": "jorge",
   "email": "jorge@gmail.com"
}
  </pre>
  <button
    className="btn btn-danger"
    onClick={[Function]}
  >
    Logout
  </button>
</div>
`;
